<?xml version="1.0"?>
<link_info>
   <banner>MSP430 Linker PC v4.3.1</banner>
   <copyright>Copyright (c) 2003-2014 Texas Instruments Incorporated</copyright>
   <link_time>0x5b0a83bb</link_time>
   <link_errors>0x0</link_errors>
   <output_file>MSP430_LCD_char.out</output_file>
   <entry_point>
      <name>_c_int00</name>
      <address>0x6014</address>
   </entry_point>
   <input_file_list>
      <input_file id="fl-2">
         <path>.\source\</path>
         <kind>object</kind>
         <file>WEIGHTS.obj</file>
         <name>WEIGHTS.obj</name>
      </input_file>
      <input_file id="fl-3">
         <path>.\source\</path>
         <kind>object</kind>
         <file>USER_UART.obj</file>
         <name>USER_UART.obj</name>
      </input_file>
      <input_file id="fl-4">
         <path>.\source\</path>
         <kind>object</kind>
         <file>USER_MATRIX.obj</file>
         <name>USER_MATRIX.obj</name>
      </input_file>
      <input_file id="fl-5">
         <path>.\source\</path>
         <kind>object</kind>
         <file>USER_LCD.obj</file>
         <name>USER_LCD.obj</name>
      </input_file>
      <input_file id="fl-6">
         <path>.\source\</path>
         <kind>object</kind>
         <file>USER_DIO.obj</file>
         <name>USER_DIO.obj</name>
      </input_file>
      <input_file id="fl-7">
         <path>.\source\</path>
         <kind>object</kind>
         <file>USER_CNN.obj</file>
         <name>USER_CNN.obj</name>
      </input_file>
      <input_file id="fl-8">
         <path>.\source\</path>
         <kind>object</kind>
         <file>MSP430_UCS.obj</file>
         <name>MSP430_UCS.obj</name>
      </input_file>
      <input_file id="fl-9">
         <path>.\source\</path>
         <kind>object</kind>
         <file>MSP430_UART.obj</file>
         <name>MSP430_UART.obj</name>
      </input_file>
      <input_file id="fl-a">
         <path>.\source\</path>
         <kind>object</kind>
         <file>MSP430_TIMER.obj</file>
         <name>MSP430_TIMER.obj</name>
      </input_file>
      <input_file id="fl-b">
         <path>.\source\</path>
         <kind>object</kind>
         <file>MSP430_ADC.obj</file>
         <name>MSP430_ADC.obj</name>
      </input_file>
      <input_file id="fl-c">
         <path>.\source\</path>
         <kind>object</kind>
         <file>LCD_FONTS.obj</file>
         <name>LCD_FONTS.obj</name>
      </input_file>
      <input_file id="fl-d">
         <path>.\source\</path>
         <kind>object</kind>
         <file>DEV_LCD_HD66753.obj</file>
         <name>DEV_LCD_HD66753.obj</name>
      </input_file>
      <input_file id="fl-e">
         <path>.\</path>
         <kind>object</kind>
         <file>main.obj</file>
         <name>main.obj</name>
      </input_file>
      <input_file id="fl-3c">
         <path>c:\ti\ccsv6\tools\compiler\msp430_4.3.1\lib\</path>
         <kind>archive</kind>
         <file>rts430x.lib</file>
         <name>abs.obj</name>
      </input_file>
      <input_file id="fl-3d">
         <path>c:\ti\ccsv6\tools\compiler\msp430_4.3.1\lib\</path>
         <kind>archive</kind>
         <file>rts430x.lib</file>
         <name>atan2.obj</name>
      </input_file>
      <input_file id="fl-3e">
         <path>c:\ti\ccsv6\tools\compiler\msp430_4.3.1\lib\</path>
         <kind>archive</kind>
         <file>rts430x.lib</file>
         <name>boot.obj</name>
      </input_file>
      <input_file id="fl-3f">
         <path>c:\ti\ccsv6\tools\compiler\msp430_4.3.1\lib\</path>
         <kind>archive</kind>
         <file>rts430x.lib</file>
         <name>copy_decompress_none.obj</name>
      </input_file>
      <input_file id="fl-40">
         <path>c:\ti\ccsv6\tools\compiler\msp430_4.3.1\lib\</path>
         <kind>archive</kind>
         <file>rts430x.lib</file>
         <name>copy_decompress_rle.obj</name>
      </input_file>
      <input_file id="fl-41">
         <path>c:\ti\ccsv6\tools\compiler\msp430_4.3.1\lib\</path>
         <kind>archive</kind>
         <file>rts430x.lib</file>
         <name>copy_zero_init.obj</name>
      </input_file>
      <input_file id="fl-42">
         <path>c:\ti\ccsv6\tools\compiler\msp430_4.3.1\lib\</path>
         <kind>archive</kind>
         <file>rts430x.lib</file>
         <name>cpy_util.obj</name>
      </input_file>
      <input_file id="fl-43">
         <path>c:\ti\ccsv6\tools\compiler\msp430_4.3.1\lib\</path>
         <kind>archive</kind>
         <file>rts430x.lib</file>
         <name>div16s.obj</name>
      </input_file>
      <input_file id="fl-44">
         <path>c:\ti\ccsv6\tools\compiler\msp430_4.3.1\lib\</path>
         <kind>archive</kind>
         <file>rts430x.lib</file>
         <name>div16u.obj</name>
      </input_file>
      <input_file id="fl-45">
         <path>c:\ti\ccsv6\tools\compiler\msp430_4.3.1\lib\</path>
         <kind>archive</kind>
         <file>rts430x.lib</file>
         <name>div32s.obj</name>
      </input_file>
      <input_file id="fl-46">
         <path>c:\ti\ccsv6\tools\compiler\msp430_4.3.1\lib\</path>
         <kind>archive</kind>
         <file>rts430x.lib</file>
         <name>div32u.obj</name>
      </input_file>
      <input_file id="fl-47">
         <path>c:\ti\ccsv6\tools\compiler\msp430_4.3.1\lib\</path>
         <kind>archive</kind>
         <file>rts430x.lib</file>
         <name>exit.obj</name>
      </input_file>
      <input_file id="fl-48">
         <path>c:\ti\ccsv6\tools\compiler\msp430_4.3.1\lib\</path>
         <kind>archive</kind>
         <file>rts430x.lib</file>
         <name>fltlid.obj</name>
      </input_file>
      <input_file id="fl-49">
         <path>c:\ti\ccsv6\tools\compiler\msp430_4.3.1\lib\</path>
         <kind>archive</kind>
         <file>rts430x.lib</file>
         <name>fs_add.obj</name>
      </input_file>
      <input_file id="fl-4a">
         <path>c:\ti\ccsv6\tools\compiler\msp430_4.3.1\lib\</path>
         <kind>archive</kind>
         <file>rts430x.lib</file>
         <name>fs_cmp.obj</name>
      </input_file>
      <input_file id="fl-4b">
         <path>c:\ti\ccsv6\tools\compiler\msp430_4.3.1\lib\</path>
         <kind>archive</kind>
         <file>rts430x.lib</file>
         <name>fs_div.obj</name>
      </input_file>
      <input_file id="fl-4c">
         <path>c:\ti\ccsv6\tools\compiler\msp430_4.3.1\lib\</path>
         <kind>archive</kind>
         <file>rts430x.lib</file>
         <name>fs_mpy.obj</name>
      </input_file>
      <input_file id="fl-4d">
         <path>c:\ti\ccsv6\tools\compiler\msp430_4.3.1\lib\</path>
         <kind>archive</kind>
         <file>rts430x.lib</file>
         <name>fs_neg.obj</name>
      </input_file>
      <input_file id="fl-4e">
         <path>c:\ti\ccsv6\tools\compiler\msp430_4.3.1\lib\</path>
         <kind>archive</kind>
         <file>rts430x.lib</file>
         <name>fs_toi.obj</name>
      </input_file>
      <input_file id="fl-4f">
         <path>c:\ti\ccsv6\tools\compiler\msp430_4.3.1\lib\</path>
         <kind>archive</kind>
         <file>rts430x.lib</file>
         <name>fs_tol.obj</name>
      </input_file>
      <input_file id="fl-50">
         <path>c:\ti\ccsv6\tools\compiler\msp430_4.3.1\lib\</path>
         <kind>archive</kind>
         <file>rts430x.lib</file>
         <name>fs_tou.obj</name>
      </input_file>
      <input_file id="fl-51">
         <path>c:\ti\ccsv6\tools\compiler\msp430_4.3.1\lib\</path>
         <kind>archive</kind>
         <file>rts430x.lib</file>
         <name>fs_toul.obj</name>
      </input_file>
      <input_file id="fl-52">
         <path>c:\ti\ccsv6\tools\compiler\msp430_4.3.1\lib\</path>
         <kind>archive</kind>
         <file>rts430x.lib</file>
         <name>fs_ultof.obj</name>
      </input_file>
      <input_file id="fl-53">
         <path>c:\ti\ccsv6\tools\compiler\msp430_4.3.1\lib\</path>
         <kind>archive</kind>
         <file>rts430x.lib</file>
         <name>fs_utof.obj</name>
      </input_file>
      <input_file id="fl-54">
         <path>c:\ti\ccsv6\tools\compiler\msp430_4.3.1\lib\</path>
         <kind>archive</kind>
         <file>rts430x.lib</file>
         <name>int54.obj</name>
      </input_file>
      <input_file id="fl-55">
         <path>c:\ti\ccsv6\tools\compiler\msp430_4.3.1\lib\</path>
         <kind>archive</kind>
         <file>rts430x.lib</file>
         <name>isr_trap.obj</name>
      </input_file>
      <input_file id="fl-56">
         <path>c:\ti\ccsv6\tools\compiler\msp430_4.3.1\lib\</path>
         <kind>archive</kind>
         <file>rts430x.lib</file>
         <name>lsl16.obj</name>
      </input_file>
      <input_file id="fl-57">
         <path>c:\ti\ccsv6\tools\compiler\msp430_4.3.1\lib\</path>
         <kind>archive</kind>
         <file>rts430x.lib</file>
         <name>lsl32.obj</name>
      </input_file>
      <input_file id="fl-58">
         <path>c:\ti\ccsv6\tools\compiler\msp430_4.3.1\lib\</path>
         <kind>archive</kind>
         <file>rts430x.lib</file>
         <name>lsr16.obj</name>
      </input_file>
      <input_file id="fl-59">
         <path>c:\ti\ccsv6\tools\compiler\msp430_4.3.1\lib\</path>
         <kind>archive</kind>
         <file>rts430x.lib</file>
         <name>lsr32.obj</name>
      </input_file>
      <input_file id="fl-5a">
         <path>c:\ti\ccsv6\tools\compiler\msp430_4.3.1\lib\</path>
         <kind>archive</kind>
         <file>rts430x.lib</file>
         <name>memcpy.obj</name>
      </input_file>
      <input_file id="fl-5b">
         <path>c:\ti\ccsv6\tools\compiler\msp430_4.3.1\lib\</path>
         <kind>archive</kind>
         <file>rts430x.lib</file>
         <name>memory.obj</name>
      </input_file>
      <input_file id="fl-5c">
         <path>c:\ti\ccsv6\tools\compiler\msp430_4.3.1\lib\</path>
         <kind>archive</kind>
         <file>rts430x.lib</file>
         <name>memset.obj</name>
      </input_file>
      <input_file id="fl-5d">
         <path>c:\ti\ccsv6\tools\compiler\msp430_4.3.1\lib\</path>
         <kind>archive</kind>
         <file>rts430x.lib</file>
         <name>mpu_init.obj</name>
      </input_file>
      <input_file id="fl-5e">
         <path>c:\ti\ccsv6\tools\compiler\msp430_4.3.1\lib\</path>
         <kind>archive</kind>
         <file>rts430x.lib</file>
         <name>mult16_f5hw.obj</name>
      </input_file>
      <input_file id="fl-5f">
         <path>c:\ti\ccsv6\tools\compiler\msp430_4.3.1\lib\</path>
         <kind>archive</kind>
         <file>rts430x.lib</file>
         <name>pre_init.obj</name>
      </input_file>
      <input_file id="fl-60">
         <path>c:\ti\ccsv6\tools\compiler\msp430_4.3.1\lib\</path>
         <kind>archive</kind>
         <file>rts430x.lib</file>
         <name>xatan.obj</name>
      </input_file>
      <input_file id="fl-61">
         <path>c:\ti\ccsv6\tools\compiler\msp430_4.3.1\lib\</path>
         <kind>archive</kind>
         <file>rts430x.lib</file>
         <name>xvalues.obj</name>
      </input_file>
      <input_file id="fl-62">
         <path>c:\ti\ccsv6\tools\compiler\msp430_4.3.1\lib\</path>
         <kind>archive</kind>
         <file>rts430x.lib</file>
         <name>_lock.obj</name>
      </input_file>
      <input_file id="fl-63">
         <path>c:\ti\ccsv6\tools\compiler\msp430_4.3.1\lib\</path>
         <kind>archive</kind>
         <file>rts430x.lib</file>
         <name>args_main.obj</name>
      </input_file>
      <input_file id="fl-64">
         <path>c:\ti\ccsv6\tools\compiler\msp430_4.3.1\lib\</path>
         <kind>archive</kind>
         <file>rts430x.lib</file>
         <name>autoinit.obj</name>
      </input_file>
   </input_file_list>
   <object_component_list>
      <object_component id="oc-4d">
         <name>.bss</name>
         <uninitialized>true</uninitialized>
         <run_address>0x41a8</run_address>
         <size>0x8</size>
         <input_file_ref idref="fl-2"/>
      </object_component>
      <object_component id="oc-53">
         <name>.bss</name>
         <uninitialized>true</uninitialized>
         <run_address>0x419c</run_address>
         <size>0xc</size>
         <input_file_ref idref="fl-3"/>
      </object_component>
      <object_component id="oc-60">
         <name>.bss</name>
         <uninitialized>true</uninitialized>
         <run_address>0x2b18</run_address>
         <size>0xd22</size>
         <input_file_ref idref="fl-5"/>
      </object_component>
      <object_component id="oc-66">
         <name>.bss</name>
         <uninitialized>true</uninitialized>
         <run_address>0x41c8</run_address>
         <size>0x4</size>
         <input_file_ref idref="fl-6"/>
      </object_component>
      <object_component id="oc-6d">
         <name>.bss</name>
         <uninitialized>true</uninitialized>
         <run_address>0x41cc</run_address>
         <size>0x2</size>
         <input_file_ref idref="fl-7"/>
      </object_component>
      <object_component id="oc-78">
         <name>.bss</name>
         <uninitialized>true</uninitialized>
         <run_address>0x40f2</run_address>
         <size>0x66</size>
         <input_file_ref idref="fl-9"/>
      </object_component>
      <object_component id="oc-80">
         <name>.bss</name>
         <uninitialized>true</uninitialized>
         <run_address>0x383a</run_address>
         <size>0x4c2</size>
         <input_file_ref idref="fl-a"/>
      </object_component>
      <object_component id="oc-87">
         <name>.bss</name>
         <uninitialized>true</uninitialized>
         <run_address>0x4158</run_address>
         <size>0x44</size>
         <input_file_ref idref="fl-b"/>
      </object_component>
      <object_component id="oc-90">
         <name>.bss</name>
         <uninitialized>true</uninitialized>
         <run_address>0x1c00</run_address>
         <size>0xf18</size>
         <input_file_ref idref="fl-d"/>
      </object_component>
      <object_component id="oc-97">
         <name>.bss</name>
         <uninitialized>true</uninitialized>
         <run_address>0x3cfc</run_address>
         <size>0x37e</size>
         <input_file_ref idref="fl-e"/>
      </object_component>
      <object_component id="oc-a8">
         <name>.bss</name>
         <uninitialized>true</uninitialized>
         <run_address>0x41b8</run_address>
         <size>0x8</size>
         <input_file_ref idref="fl-3e"/>
      </object_component>
      <object_component id="oc-134">
         <name>.bss</name>
         <uninitialized>true</uninitialized>
         <run_address>0x41c0</run_address>
         <size>0x8</size>
         <input_file_ref idref="fl-5b"/>
      </object_component>
      <object_component id="oc-156">
         <name>.bss</name>
         <uninitialized>true</uninitialized>
         <run_address>0x407a</run_address>
         <size>0x78</size>
         <input_file_ref idref="fl-61"/>
      </object_component>
      <object_component id="oc-15a">
         <name>.bss</name>
         <uninitialized>true</uninitialized>
         <run_address>0x41b0</run_address>
         <size>0x8</size>
         <input_file_ref idref="fl-62"/>
      </object_component>
      <object_component id="oc-137">
         <name>.sysmem</name>
         <uninitialized>true</uninitialized>
         <run_address>0x41d0</run_address>
         <size>0x4</size>
         <input_file_ref idref="fl-5b"/>
      </object_component>
      <object_component id="oc-1e2">
         <name>.sysmem</name>
         <uninitialized>true</uninitialized>
         <run_address>0x41d0</run_address>
         <size>0x0</size>
      </object_component>
      <object_component id="oc-aa">
         <name>.stack</name>
         <uninitialized>true</uninitialized>
         <run_address>0x5b60</run_address>
         <size>0x2</size>
         <input_file_ref idref="fl-3e"/>
      </object_component>
      <object_component id="oc-1e1">
         <name>.stack</name>
         <uninitialized>true</uninitialized>
         <run_address>0x5b60</run_address>
         <size>0x0</size>
      </object_component>
      <object_component id="oc-174">
         <name>.text:atan2</name>
         <load_address>0x6180</load_address>
         <run_address>0x6180</run_address>
         <size>0x162</size>
         <input_file_ref idref="fl-3d"/>
      </object_component>
      <object_component id="oc-17c">
         <name>.text:UART_int2msg</name>
         <load_address>0x62e2</load_address>
         <run_address>0x62e2</run_address>
         <size>0x160</size>
         <input_file_ref idref="fl-3"/>
      </object_component>
      <object_component id="oc-e1">
         <name>.text</name>
         <load_address>0x6442</load_address>
         <run_address>0x6442</run_address>
         <size>0x130</size>
         <input_file_ref idref="fl-49"/>
      </object_component>
      <object_component id="oc-17b">
         <name>.text:_Atan</name>
         <load_address>0x6572</load_address>
         <run_address>0x6572</run_address>
         <size>0x12e</size>
         <input_file_ref idref="fl-60"/>
      </object_component>
      <object_component id="oc-186">
         <name>.text:LcdClear</name>
         <load_address>0x66a0</load_address>
         <run_address>0x66a0</run_address>
         <size>0xe6</size>
         <input_file_ref idref="fl-d"/>
      </object_component>
      <object_component id="oc-176">
         <name>.text:RUN_CNN</name>
         <load_address>0x6786</load_address>
         <run_address>0x6786</run_address>
         <size>0xe6</size>
         <input_file_ref idref="fl-7"/>
      </object_component>
      <object_component id="oc-187">
         <name>.text:Init_weights</name>
         <load_address>0x686c</load_address>
         <run_address>0x686c</run_address>
         <size>0xd8</size>
         <input_file_ref idref="fl-2"/>
      </object_component>
      <object_component id="oc-f0">
         <name>.text</name>
         <load_address>0x6944</load_address>
         <run_address>0x6944</run_address>
         <size>0xb6</size>
         <input_file_ref idref="fl-4c"/>
      </object_component>
      <object_component id="oc-184">
         <name>.text:Init_UCA1_UART</name>
         <load_address>0x69fa</load_address>
         <run_address>0x69fa</run_address>
         <size>0xac</size>
         <input_file_ref idref="fl-9"/>
      </object_component>
      <object_component id="oc-18c">
         <name>.text:malloc</name>
         <load_address>0x6aa6</load_address>
         <run_address>0x6aa6</run_address>
         <size>0xa6</size>
         <input_file_ref idref="fl-5b"/>
      </object_component>
      <object_component id="oc-185">
         <name>.text:Init_LCD</name>
         <load_address>0x6b4c</load_address>
         <run_address>0x6b4c</run_address>
         <size>0x92</size>
         <input_file_ref idref="fl-d"/>
      </object_component>
      <object_component id="oc-eb">
         <name>.text</name>
         <load_address>0x6bde</load_address>
         <run_address>0x6bde</run_address>
         <size>0x8e</size>
         <input_file_ref idref="fl-4b"/>
      </object_component>
      <object_component id="oc-17e">
         <name>.text:matrix_new</name>
         <load_address>0x6c6c</load_address>
         <run_address>0x6c6c</run_address>
         <size>0x88</size>
         <input_file_ref idref="fl-4"/>
      </object_component>
      <object_component id="oc-173">
         <name>.text:_fltlid</name>
         <load_address>0x6cf4</load_address>
         <run_address>0x6cf4</run_address>
         <size>0x86</size>
         <input_file_ref idref="fl-48"/>
      </object_component>
      <object_component id="oc-ff">
         <name>.text</name>
         <load_address>0x6d7a</load_address>
         <run_address>0x6d7a</run_address>
         <size>0x7e</size>
         <input_file_ref idref="fl-4f"/>
      </object_component>
      <object_component id="oc-17f">
         <name>.text:matrix_init</name>
         <load_address>0x6df8</load_address>
         <run_address>0x6df8</run_address>
         <size>0x76</size>
         <input_file_ref idref="fl-4"/>
      </object_component>
      <object_component id="oc-fa">
         <name>.text</name>
         <load_address>0x6e6e</load_address>
         <run_address>0x6e6e</run_address>
         <size>0x68</size>
         <input_file_ref idref="fl-4e"/>
      </object_component>
      <object_component id="oc-181">
         <name>.text:Init_UCS</name>
         <load_address>0x6ed6</load_address>
         <run_address>0x6ed6</run_address>
         <size>0x66</size>
         <input_file_ref idref="fl-8"/>
      </object_component>
      <object_component id="oc-18f">
         <name>.text:LcdSendCommand</name>
         <load_address>0x6f3c</load_address>
         <run_address>0x6f3c</run_address>
         <size>0x5c</size>
         <input_file_ref idref="fl-d"/>
      </object_component>
      <object_component id="oc-d2">
         <name>.text</name>
         <load_address>0x6f98</load_address>
         <run_address>0x6f98</run_address>
         <size>0x58</size>
         <input_file_ref idref="fl-46"/>
      </object_component>
      <object_component id="oc-183">
         <name>.text:Init_TimerA1</name>
         <load_address>0x6ff0</load_address>
         <run_address>0x6ff0</run_address>
         <size>0x56</size>
         <input_file_ref idref="fl-a"/>
      </object_component>
      <object_component id="oc-182">
         <name>.text:Init_ADC</name>
         <load_address>0x7046</load_address>
         <run_address>0x7046</run_address>
         <size>0x52</size>
         <input_file_ref idref="fl-b"/>
      </object_component>
      <object_component id="oc-109">
         <name>.text</name>
         <load_address>0x7098</load_address>
         <run_address>0x7098</run_address>
         <size>0x4c</size>
         <input_file_ref idref="fl-51"/>
      </object_component>
      <object_component id="oc-e6">
         <name>.text</name>
         <load_address>0x70e4</load_address>
         <run_address>0x70e4</run_address>
         <size>0x4a</size>
         <input_file_ref idref="fl-4a"/>
      </object_component>
      <object_component id="oc-175">
         <name>.text:UART_quantum</name>
         <load_address>0x712e</load_address>
         <run_address>0x712e</run_address>
         <size>0x48</size>
         <input_file_ref idref="fl-3"/>
      </object_component>
      <object_component id="oc-16f">
         <name>.text:_auto_init</name>
         <load_address>0x7176</load_address>
         <run_address>0x7176</run_address>
         <size>0x48</size>
         <input_file_ref idref="fl-64"/>
      </object_component>
      <object_component id="oc-195">
         <name>.text:Init_TimerA0_3_PWM</name>
         <load_address>0x71be</load_address>
         <run_address>0x71be</run_address>
         <size>0x46</size>
         <input_file_ref idref="fl-a"/>
      </object_component>
      <object_component id="oc-104">
         <name>.text</name>
         <load_address>0x7204</load_address>
         <run_address>0x7204</run_address>
         <size>0x46</size>
         <input_file_ref idref="fl-50"/>
      </object_component>
      <object_component id="oc-cd">
         <name>.text</name>
         <load_address>0x724a</load_address>
         <run_address>0x724a</run_address>
         <size>0x40</size>
         <input_file_ref idref="fl-45"/>
      </object_component>
      <object_component id="oc-191">
         <name>.text:LcdSetAddress</name>
         <load_address>0x728a</load_address>
         <run_address>0x728a</run_address>
         <size>0x3e</size>
         <input_file_ref idref="fl-d"/>
      </object_component>
      <object_component id="oc-179">
         <name>.text:l_lsl_const</name>
         <load_address>0x72c8</load_address>
         <run_address>0x72c8</run_address>
         <size>0x3e</size>
         <input_file_ref idref="fl-57"/>
      </object_component>
      <object_component id="oc-17a">
         <name>.text:l_lsr_const</name>
         <load_address>0x7306</load_address>
         <run_address>0x7306</run_address>
         <size>0x3e</size>
         <input_file_ref idref="fl-59"/>
      </object_component>
      <object_component id="oc-194">
         <name>.text:minit</name>
         <load_address>0x7344</load_address>
         <run_address>0x7344</run_address>
         <size>0x38</size>
         <input_file_ref idref="fl-5b"/>
      </object_component>
      <object_component id="oc-178">
         <name>.text:Init_system</name>
         <load_address>0x737c</load_address>
         <run_address>0x737c</run_address>
         <size>0x36</size>
         <input_file_ref idref="fl-e"/>
      </object_component>
      <object_component id="oc-10e">
         <name>.text</name>
         <load_address>0x73b2</load_address>
         <run_address>0x73b2</run_address>
         <size>0x32</size>
         <input_file_ref idref="fl-52"/>
      </object_component>
      <object_component id="oc-18b">
         <name>.text:UART_A1_msg</name>
         <load_address>0x73e4</load_address>
         <run_address>0x73e4</run_address>
         <size>0x2c</size>
         <input_file_ref idref="fl-3"/>
      </object_component>
      <object_component id="oc-c3">
         <name>.text</name>
         <load_address>0x7410</load_address>
         <run_address>0x7410</run_address>
         <size>0x2c</size>
         <input_file_ref idref="fl-43"/>
      </object_component>
      <object_component id="oc-180">
         <name>.text:Init_DIO</name>
         <load_address>0x743c</load_address>
         <run_address>0x743c</run_address>
         <size>0x2a</size>
         <input_file_ref idref="fl-6"/>
      </object_component>
      <object_component id="oc-18e">
         <name>.text:LcdActive</name>
         <load_address>0x7466</load_address>
         <run_address>0x7466</run_address>
         <size>0x28</size>
         <input_file_ref idref="fl-d"/>
      </object_component>
      <object_component id="oc-113">
         <name>.text</name>
         <load_address>0x748e</load_address>
         <run_address>0x748e</run_address>
         <size>0x24</size>
         <input_file_ref idref="fl-53"/>
      </object_component>
      <object_component id="oc-c8">
         <name>.text</name>
         <load_address>0x74b2</load_address>
         <run_address>0x74b2</run_address>
         <size>0x16</size>
         <input_file_ref idref="fl-44"/>
      </object_component>
      <object_component id="oc-146">
         <name>.text</name>
         <load_address>0x74c8</load_address>
         <run_address>0x74c8</run_address>
         <size>0x16</size>
         <input_file_ref idref="fl-5e"/>
      </object_component>
      <object_component id="oc-17d">
         <name>.text:UART_A1_xmit</name>
         <load_address>0x74de</load_address>
         <run_address>0x74de</run_address>
         <size>0x14</size>
         <input_file_ref idref="fl-3"/>
      </object_component>
      <object_component id="oc-18d">
         <name>.text:memset</name>
         <load_address>0x74f2</load_address>
         <run_address>0x74f2</run_address>
         <size>0x14</size>
         <input_file_ref idref="fl-5c"/>
      </object_component>
      <object_component id="oc-177">
         <name>.text:memcpy</name>
         <load_address>0x7506</load_address>
         <run_address>0x7506</run_address>
         <size>0x12</size>
         <input_file_ref idref="fl-5a"/>
      </object_component>
      <object_component id="oc-190">
         <name>.text:Init_backlight</name>
         <load_address>0x7518</load_address>
         <run_address>0x7518</run_address>
         <size>0xa</size>
         <input_file_ref idref="fl-d"/>
      </object_component>
      <object_component id="oc-f5">
         <name>.text</name>
         <load_address>0x7522</load_address>
         <run_address>0x7522</run_address>
         <size>0xa</size>
         <input_file_ref idref="fl-4d"/>
      </object_component>
      <object_component id="oc-11d">
         <name>.text</name>
         <load_address>0x752c</load_address>
         <run_address>0x752c</run_address>
         <size>0xa</size>
         <input_file_ref idref="fl-56"/>
      </object_component>
      <object_component id="oc-126">
         <name>.text</name>
         <load_address>0x7536</load_address>
         <run_address>0x7536</run_address>
         <size>0xa</size>
         <input_file_ref idref="fl-58"/>
      </object_component>
      <object_component id="oc-170">
         <name>.text:main</name>
         <load_address>0x7540</load_address>
         <run_address>0x7540</run_address>
         <size>0x8</size>
         <input_file_ref idref="fl-e"/>
      </object_component>
      <object_component id="oc-118">
         <name>.text:__TI_ISR_TRAP</name>
         <load_address>0x7548</load_address>
         <run_address>0x7548</run_address>
         <size>0x6</size>
         <input_file_ref idref="fl-55"/>
      </object_component>
      <object_component id="oc-16e">
         <name>.text:_system_pre_init</name>
         <load_address>0x754e</load_address>
         <run_address>0x754e</run_address>
         <size>0x4</size>
         <input_file_ref idref="fl-5f"/>
      </object_component>
      <object_component id="oc-171">
         <name>.text:abort</name>
         <load_address>0x7552</load_address>
         <run_address>0x7552</run_address>
         <size>0x4</size>
         <input_file_ref idref="fl-47"/>
      </object_component>
      <object_component id="oc-16d">
         <name>.text:_nop</name>
         <load_address>0x7556</load_address>
         <run_address>0x7556</run_address>
         <size>0x2</size>
         <input_file_ref idref="fl-62"/>
      </object_component>
      <object_component id="oc-16c">
         <name>.text:_isr:TIMER1_A0_ISR</name>
         <load_address>0x5c00</load_address>
         <run_address>0x5c00</run_address>
         <size>0x2b4</size>
         <input_file_ref idref="fl-a"/>
      </object_component>
      <object_component id="oc-172">
         <name>.text:_isr:ADC12ISR</name>
         <load_address>0x5eb4</load_address>
         <run_address>0x5eb4</run_address>
         <size>0xb2</size>
         <input_file_ref idref="fl-b"/>
      </object_component>
      <object_component id="oc-16a">
         <name>.text:_isr:PORT2_ISR</name>
         <load_address>0x5f66</load_address>
         <run_address>0x5f66</run_address>
         <size>0x5e</size>
         <input_file_ref idref="fl-6"/>
      </object_component>
      <object_component id="oc-16b">
         <name>.text:_isr:USCI_A1_ISR</name>
         <load_address>0x5fc4</load_address>
         <run_address>0x5fc4</run_address>
         <size>0x50</size>
         <input_file_ref idref="fl-9"/>
      </object_component>
      <object_component id="oc-4a">
         <name>.text:_isr:_c_int00_noexit</name>
         <load_address>0x6014</load_address>
         <run_address>0x6014</run_address>
         <size>0x2a</size>
         <input_file_ref idref="fl-3e"/>
      </object_component>
      <object_component id="oc-92">
         <name>.cinit</name>
         <load_address>0x603e</load_address>
         <run_address>0x603e</run_address>
         <size>0x90</size>
         <input_file_ref idref="fl-d"/>
      </object_component>
      <object_component id="oc-158">
         <name>.cinit</name>
         <load_address>0x60ce</load_address>
         <run_address>0x60ce</run_address>
         <size>0x48</size>
         <input_file_ref idref="fl-61"/>
      </object_component>
      <object_component id="oc-99">
         <name>.cinit</name>
         <load_address>0x6116</load_address>
         <run_address>0x6116</run_address>
         <size>0x18</size>
         <input_file_ref idref="fl-e"/>
      </object_component>
      <object_component id="oc-68">
         <name>.cinit</name>
         <load_address>0x612e</load_address>
         <run_address>0x612e</run_address>
         <size>0x17</size>
         <input_file_ref idref="fl-6"/>
      </object_component>
      <object_component id="oc-55">
         <name>.cinit</name>
         <load_address>0x6146</load_address>
         <run_address>0x6146</run_address>
         <size>0x14</size>
         <input_file_ref idref="fl-3"/>
      </object_component>
      <object_component id="oc-82">
         <name>.cinit</name>
         <load_address>0x615a</load_address>
         <run_address>0x615a</run_address>
         <size>0xc</size>
         <input_file_ref idref="fl-a"/>
      </object_component>
      <object_component id="oc-7a">
         <name>.cinit</name>
         <load_address>0x6166</load_address>
         <run_address>0x6166</run_address>
         <size>0xb</size>
         <input_file_ref idref="fl-9"/>
      </object_component>
      <object_component id="oc-89">
         <name>.cinit</name>
         <load_address>0x6172</load_address>
         <run_address>0x6172</run_address>
         <size>0x6</size>
         <input_file_ref idref="fl-b"/>
      </object_component>
      <object_component id="oc-136">
         <name>.cinit</name>
         <load_address>0x6178</load_address>
         <run_address>0x6178</run_address>
         <size>0x6</size>
         <input_file_ref idref="fl-5b"/>
      </object_component>
      <object_component id="oc-193">
         <name>.const:init_W1</name>
         <load_address>0x7558</load_address>
         <run_address>0x7558</run_address>
         <size>0x180</size>
         <input_file_ref idref="fl-2"/>
      </object_component>
      <object_component id="oc-18a">
         <name>.const:a</name>
         <load_address>0x76d8</load_address>
         <run_address>0x76d8</run_address>
         <size>0x20</size>
         <input_file_ref idref="fl-60"/>
      </object_component>
      <object_component id="oc-7b">
         <name>.const:.string</name>
         <load_address>0x76f8</load_address>
         <run_address>0x76f8</run_address>
         <size>0x1a</size>
         <input_file_ref idref="fl-9"/>
      </object_component>
      <object_component id="oc-192">
         <name>.const:$P$T0$1</name>
         <load_address>0x7712</load_address>
         <run_address>0x7712</run_address>
         <size>0x10</size>
         <input_file_ref idref="fl-2"/>
      </object_component>
      <object_component id="oc-189">
         <name>.const:c</name>
         <load_address>0x7722</load_address>
         <run_address>0x7722</run_address>
         <size>0x8</size>
         <input_file_ref idref="fl-60"/>
      </object_component>
      <object_component id="oc-151">
         <name>.const</name>
         <load_address>0x772a</load_address>
         <run_address>0x772a</run_address>
         <size>0x8</size>
         <input_file_ref idref="fl-60"/>
      </object_component>
      <object_component id="oc-56">
         <name>.const:.string</name>
         <load_address>0x7732</load_address>
         <run_address>0x7732</run_address>
         <size>0x6</size>
         <input_file_ref idref="fl-3"/>
      </object_component>
      <object_component id="oc-188">
         <name>.const:s</name>
         <load_address>0x7738</load_address>
         <run_address>0x7738</run_address>
         <size>0x4</size>
         <input_file_ref idref="fl-60"/>
      </object_component>
      <object_component id="oc-47">
         <name>.int42</name>
         <load_address>0xffd4</load_address>
         <run_address>0xffd4</run_address>
         <size>0x2</size>
         <input_file_ref idref="fl-6"/>
      </object_component>
      <object_component id="oc-48">
         <name>.int46</name>
         <load_address>0xffdc</load_address>
         <run_address>0xffdc</run_address>
         <size>0x2</size>
         <input_file_ref idref="fl-9"/>
      </object_component>
      <object_component id="oc-49">
         <name>.int49</name>
         <load_address>0xffe2</load_address>
         <run_address>0xffe2</run_address>
         <size>0x2</size>
         <input_file_ref idref="fl-a"/>
      </object_component>
      <object_component id="oc-4b">
         <name>.int54</name>
         <load_address>0xffec</load_address>
         <run_address>0xffec</run_address>
         <size>0x2</size>
         <input_file_ref idref="fl-54"/>
      </object_component>
      <object_component id="oc-4c">
         <name>.int55</name>
         <load_address>0xffee</load_address>
         <run_address>0xffee</run_address>
         <size>0x2</size>
         <input_file_ref idref="fl-b"/>
      </object_component>
      <object_component id="oc-ab">
         <name>.reset</name>
         <load_address>0xfffe</load_address>
         <run_address>0xfffe</run_address>
         <size>0x2</size>
         <input_file_ref idref="fl-3e"/>
      </object_component>
      <object_component id="oc-4e">
         <name>.debug_info</name>
         <load_address>0x0</load_address>
         <run_address>0x0</run_address>
         <size>0x508</size>
         <input_file_ref idref="fl-2"/>
      </object_component>
      <object_component id="oc-54">
         <name>.debug_info</name>
         <load_address>0x508</load_address>
         <run_address>0x508</run_address>
         <size>0x605</size>
         <input_file_ref idref="fl-3"/>
      </object_component>
      <object_component id="oc-5b">
         <name>.debug_info</name>
         <load_address>0xb0d</load_address>
         <run_address>0xb0d</run_address>
         <size>0x481</size>
         <input_file_ref idref="fl-4"/>
      </object_component>
      <object_component id="oc-61">
         <name>.debug_info</name>
         <load_address>0xf8e</load_address>
         <run_address>0xf8e</run_address>
         <size>0x2ce</size>
         <input_file_ref idref="fl-5"/>
      </object_component>
      <object_component id="oc-67">
         <name>.debug_info</name>
         <load_address>0x125c</load_address>
         <run_address>0x125c</run_address>
         <size>0x3e0</size>
         <input_file_ref idref="fl-6"/>
      </object_component>
      <object_component id="oc-6e">
         <name>.debug_info</name>
         <load_address>0x163c</load_address>
         <run_address>0x163c</run_address>
         <size>0x441</size>
         <input_file_ref idref="fl-7"/>
      </object_component>
      <object_component id="oc-73">
         <name>.debug_info</name>
         <load_address>0x1a7d</load_address>
         <run_address>0x1a7d</run_address>
         <size>0x3d0</size>
         <input_file_ref idref="fl-8"/>
      </object_component>
      <object_component id="oc-79">
         <name>.debug_info</name>
         <load_address>0x1e4d</load_address>
         <run_address>0x1e4d</run_address>
         <size>0x629</size>
         <input_file_ref idref="fl-9"/>
      </object_component>
      <object_component id="oc-81">
         <name>.debug_info</name>
         <load_address>0x2476</load_address>
         <run_address>0x2476</run_address>
         <size>0x7f4</size>
         <input_file_ref idref="fl-a"/>
      </object_component>
      <object_component id="oc-88">
         <name>.debug_info</name>
         <load_address>0x2c6a</load_address>
         <run_address>0x2c6a</run_address>
         <size>0x50e</size>
         <input_file_ref idref="fl-b"/>
      </object_component>
      <object_component id="oc-8e">
         <name>.debug_info</name>
         <load_address>0x3178</load_address>
         <run_address>0x3178</run_address>
         <size>0x1a7</size>
         <input_file_ref idref="fl-c"/>
      </object_component>
      <object_component id="oc-91">
         <name>.debug_info</name>
         <load_address>0x331f</load_address>
         <run_address>0x331f</run_address>
         <size>0x92b</size>
         <input_file_ref idref="fl-d"/>
      </object_component>
      <object_component id="oc-98">
         <name>.debug_info</name>
         <load_address>0x3c4a</load_address>
         <run_address>0x3c4a</run_address>
         <size>0x4d7</size>
         <input_file_ref idref="fl-e"/>
      </object_component>
      <object_component id="oc-9e">
         <name>.debug_info</name>
         <load_address>0x4121</load_address>
         <run_address>0x4121</run_address>
         <size>0x1cc</size>
         <input_file_ref idref="fl-3c"/>
      </object_component>
      <object_component id="oc-a3">
         <name>.debug_info</name>
         <load_address>0x42ed</load_address>
         <run_address>0x42ed</run_address>
         <size>0x33e</size>
         <input_file_ref idref="fl-3d"/>
      </object_component>
      <object_component id="oc-a9">
         <name>.debug_info</name>
         <load_address>0x462b</load_address>
         <run_address>0x462b</run_address>
         <size>0x3d9</size>
         <input_file_ref idref="fl-3e"/>
      </object_component>
      <object_component id="oc-b0">
         <name>.debug_info</name>
         <load_address>0x4a04</load_address>
         <run_address>0x4a04</run_address>
         <size>0x286</size>
         <input_file_ref idref="fl-3f"/>
      </object_component>
      <object_component id="oc-b5">
         <name>.debug_info</name>
         <load_address>0x4c8a</load_address>
         <run_address>0x4c8a</run_address>
         <size>0x27b</size>
         <input_file_ref idref="fl-40"/>
      </object_component>
      <object_component id="oc-ba">
         <name>.debug_info</name>
         <load_address>0x4f05</load_address>
         <run_address>0x4f05</run_address>
         <size>0x284</size>
         <input_file_ref idref="fl-41"/>
      </object_component>
      <object_component id="oc-bf">
         <name>.debug_info</name>
         <load_address>0x5189</load_address>
         <run_address>0x5189</run_address>
         <size>0x8e</size>
         <input_file_ref idref="fl-42"/>
      </object_component>
      <object_component id="oc-c4">
         <name>.debug_info</name>
         <load_address>0x5217</load_address>
         <run_address>0x5217</run_address>
         <size>0xcb</size>
         <input_file_ref idref="fl-43"/>
      </object_component>
      <object_component id="oc-c9">
         <name>.debug_info</name>
         <load_address>0x52e2</load_address>
         <run_address>0x52e2</run_address>
         <size>0xbe</size>
         <input_file_ref idref="fl-44"/>
      </object_component>
      <object_component id="oc-ce">
         <name>.debug_info</name>
         <load_address>0x53a0</load_address>
         <run_address>0x53a0</run_address>
         <size>0xce</size>
         <input_file_ref idref="fl-45"/>
      </object_component>
      <object_component id="oc-d3">
         <name>.debug_info</name>
         <load_address>0x546e</load_address>
         <run_address>0x546e</run_address>
         <size>0xc0</size>
         <input_file_ref idref="fl-46"/>
      </object_component>
      <object_component id="oc-d7">
         <name>.debug_info</name>
         <load_address>0x552e</load_address>
         <run_address>0x552e</run_address>
         <size>0x29b</size>
         <input_file_ref idref="fl-47"/>
      </object_component>
      <object_component id="oc-dc">
         <name>.debug_info</name>
         <load_address>0x57c9</load_address>
         <run_address>0x57c9</run_address>
         <size>0x2e8</size>
         <input_file_ref idref="fl-48"/>
      </object_component>
      <object_component id="oc-e2">
         <name>.debug_info</name>
         <load_address>0x5ab1</load_address>
         <run_address>0x5ab1</run_address>
         <size>0xc2</size>
         <input_file_ref idref="fl-49"/>
      </object_component>
      <object_component id="oc-e7">
         <name>.debug_info</name>
         <load_address>0x5b73</load_address>
         <run_address>0x5b73</run_address>
         <size>0xce</size>
         <input_file_ref idref="fl-4a"/>
      </object_component>
      <object_component id="oc-ec">
         <name>.debug_info</name>
         <load_address>0x5c41</load_address>
         <run_address>0x5c41</run_address>
         <size>0xc2</size>
         <input_file_ref idref="fl-4b"/>
      </object_component>
      <object_component id="oc-f1">
         <name>.debug_info</name>
         <load_address>0x5d03</load_address>
         <run_address>0x5d03</run_address>
         <size>0xc2</size>
         <input_file_ref idref="fl-4c"/>
      </object_component>
      <object_component id="oc-f6">
         <name>.debug_info</name>
         <load_address>0x5dc5</load_address>
         <run_address>0x5dc5</run_address>
         <size>0xc2</size>
         <input_file_ref idref="fl-4d"/>
      </object_component>
      <object_component id="oc-fb">
         <name>.debug_info</name>
         <load_address>0x5e87</load_address>
         <run_address>0x5e87</run_address>
         <size>0xd4</size>
         <input_file_ref idref="fl-4e"/>
      </object_component>
      <object_component id="oc-100">
         <name>.debug_info</name>
         <load_address>0x5f5b</load_address>
         <run_address>0x5f5b</run_address>
         <size>0xd4</size>
         <input_file_ref idref="fl-4f"/>
      </object_component>
      <object_component id="oc-105">
         <name>.debug_info</name>
         <load_address>0x602f</load_address>
         <run_address>0x602f</run_address>
         <size>0xce</size>
         <input_file_ref idref="fl-50"/>
      </object_component>
      <object_component id="oc-10a">
         <name>.debug_info</name>
         <load_address>0x60fd</load_address>
         <run_address>0x60fd</run_address>
         <size>0xd1</size>
         <input_file_ref idref="fl-51"/>
      </object_component>
      <object_component id="oc-10f">
         <name>.debug_info</name>
         <load_address>0x61ce</load_address>
         <run_address>0x61ce</run_address>
         <size>0xc8</size>
         <input_file_ref idref="fl-52"/>
      </object_component>
      <object_component id="oc-114">
         <name>.debug_info</name>
         <load_address>0x6296</load_address>
         <run_address>0x6296</run_address>
         <size>0xc5</size>
         <input_file_ref idref="fl-53"/>
      </object_component>
      <object_component id="oc-119">
         <name>.debug_info</name>
         <load_address>0x635b</load_address>
         <run_address>0x635b</run_address>
         <size>0xba</size>
         <input_file_ref idref="fl-55"/>
      </object_component>
      <object_component id="oc-11e">
         <name>.debug_info</name>
         <load_address>0x6415</load_address>
         <run_address>0x6415</run_address>
         <size>0xbb</size>
         <input_file_ref idref="fl-56"/>
      </object_component>
      <object_component id="oc-122">
         <name>.debug_info</name>
         <load_address>0x64d0</load_address>
         <run_address>0x64d0</run_address>
         <size>0xc1</size>
         <input_file_ref idref="fl-57"/>
      </object_component>
      <object_component id="oc-127">
         <name>.debug_info</name>
         <load_address>0x6591</load_address>
         <run_address>0x6591</run_address>
         <size>0xbb</size>
         <input_file_ref idref="fl-58"/>
      </object_component>
      <object_component id="oc-12b">
         <name>.debug_info</name>
         <load_address>0x664c</load_address>
         <run_address>0x664c</run_address>
         <size>0xc1</size>
         <input_file_ref idref="fl-59"/>
      </object_component>
      <object_component id="oc-12f">
         <name>.debug_info</name>
         <load_address>0x670d</load_address>
         <run_address>0x670d</run_address>
         <size>0x2ba</size>
         <input_file_ref idref="fl-5a"/>
      </object_component>
      <object_component id="oc-135">
         <name>.debug_info</name>
         <load_address>0x69c7</load_address>
         <run_address>0x69c7</run_address>
         <size>0x4e6</size>
         <input_file_ref idref="fl-5b"/>
      </object_component>
      <object_component id="oc-13c">
         <name>.debug_info</name>
         <load_address>0x6ead</load_address>
         <run_address>0x6ead</run_address>
         <size>0x2d5</size>
         <input_file_ref idref="fl-5c"/>
      </object_component>
      <object_component id="oc-141">
         <name>.debug_info</name>
         <load_address>0x7182</load_address>
         <run_address>0x7182</run_address>
         <size>0x270</size>
         <input_file_ref idref="fl-5d"/>
      </object_component>
      <object_component id="oc-147">
         <name>.debug_info</name>
         <load_address>0x73f2</load_address>
         <run_address>0x73f2</run_address>
         <size>0xcd</size>
         <input_file_ref idref="fl-5e"/>
      </object_component>
      <object_component id="oc-14b">
         <name>.debug_info</name>
         <load_address>0x74bf</load_address>
         <run_address>0x74bf</run_address>
         <size>0x22d</size>
         <input_file_ref idref="fl-5f"/>
      </object_component>
      <object_component id="oc-150">
         <name>.debug_info</name>
         <load_address>0x76ec</load_address>
         <run_address>0x76ec</run_address>
         <size>0x4a0</size>
         <input_file_ref idref="fl-60"/>
      </object_component>
      <object_component id="oc-157">
         <name>.debug_info</name>
         <load_address>0x7b8c</load_address>
         <run_address>0x7b8c</run_address>
         <size>0x2be</size>
         <input_file_ref idref="fl-61"/>
      </object_component>
      <object_component id="oc-15b">
         <name>.debug_info</name>
         <load_address>0x7e4a</load_address>
         <run_address>0x7e4a</run_address>
         <size>0x249</size>
         <input_file_ref idref="fl-62"/>
      </object_component>
      <object_component id="oc-160">
         <name>.debug_info</name>
         <load_address>0x8093</load_address>
         <run_address>0x8093</run_address>
         <size>0x288</size>
         <input_file_ref idref="fl-63"/>
      </object_component>
      <object_component id="oc-165">
         <name>.debug_info</name>
         <load_address>0x831b</load_address>
         <run_address>0x831b</run_address>
         <size>0x34f</size>
         <input_file_ref idref="fl-64"/>
      </object_component>
      <object_component id="oc-1e4">
         <name>.debug_info</name>
         <load_address>0x866a</load_address>
         <run_address>0x866a</run_address>
         <size>0xa5</size>
      </object_component>
      <object_component id="oc-4f">
         <name>.debug_frame</name>
         <load_address>0x0</load_address>
         <run_address>0x0</run_address>
         <size>0x4e</size>
         <input_file_ref idref="fl-2"/>
      </object_component>
      <object_component id="oc-57">
         <name>.debug_frame</name>
         <load_address>0x4e</load_address>
         <run_address>0x4e</run_address>
         <size>0x9f</size>
         <input_file_ref idref="fl-3"/>
      </object_component>
      <object_component id="oc-5c">
         <name>.debug_frame</name>
         <load_address>0xed</load_address>
         <run_address>0xed</run_address>
         <size>0x69</size>
         <input_file_ref idref="fl-4"/>
      </object_component>
      <object_component id="oc-62">
         <name>.debug_frame</name>
         <load_address>0x156</load_address>
         <run_address>0x156</run_address>
         <size>0x32</size>
         <input_file_ref idref="fl-5"/>
      </object_component>
      <object_component id="oc-69">
         <name>.debug_frame</name>
         <load_address>0x188</load_address>
         <run_address>0x188</run_address>
         <size>0x65</size>
         <input_file_ref idref="fl-6"/>
      </object_component>
      <object_component id="oc-6f">
         <name>.debug_frame</name>
         <load_address>0x1ed</load_address>
         <run_address>0x1ed</run_address>
         <size>0x4e</size>
         <input_file_ref idref="fl-7"/>
      </object_component>
      <object_component id="oc-74">
         <name>.debug_frame</name>
         <load_address>0x23b</load_address>
         <run_address>0x23b</run_address>
         <size>0x4d</size>
         <input_file_ref idref="fl-8"/>
      </object_component>
      <object_component id="oc-7c">
         <name>.debug_frame</name>
         <load_address>0x288</load_address>
         <run_address>0x288</run_address>
         <size>0x75</size>
         <input_file_ref idref="fl-9"/>
      </object_component>
      <object_component id="oc-83">
         <name>.debug_frame</name>
         <load_address>0x2fd</load_address>
         <run_address>0x2fd</run_address>
         <size>0xa1</size>
         <input_file_ref idref="fl-a"/>
      </object_component>
      <object_component id="oc-8a">
         <name>.debug_frame</name>
         <load_address>0x39e</load_address>
         <run_address>0x39e</run_address>
         <size>0x66</size>
         <input_file_ref idref="fl-b"/>
      </object_component>
      <object_component id="oc-93">
         <name>.debug_frame</name>
         <load_address>0x404</load_address>
         <run_address>0x404</run_address>
         <size>0xc4</size>
         <input_file_ref idref="fl-d"/>
      </object_component>
      <object_component id="oc-9a">
         <name>.debug_frame</name>
         <load_address>0x4c8</load_address>
         <run_address>0x4c8</run_address>
         <size>0x5c</size>
         <input_file_ref idref="fl-e"/>
      </object_component>
      <object_component id="oc-9f">
         <name>.debug_frame</name>
         <load_address>0x524</load_address>
         <run_address>0x524</run_address>
         <size>0x32</size>
         <input_file_ref idref="fl-3c"/>
      </object_component>
      <object_component id="oc-a4">
         <name>.debug_frame</name>
         <load_address>0x556</load_address>
         <run_address>0x556</run_address>
         <size>0x5d</size>
         <input_file_ref idref="fl-3d"/>
      </object_component>
      <object_component id="oc-ac">
         <name>.debug_frame</name>
         <load_address>0x5b3</load_address>
         <run_address>0x5b3</run_address>
         <size>0x42</size>
         <input_file_ref idref="fl-3e"/>
      </object_component>
      <object_component id="oc-b1">
         <name>.debug_frame</name>
         <load_address>0x5f5</load_address>
         <run_address>0x5f5</run_address>
         <size>0x32</size>
         <input_file_ref idref="fl-3f"/>
      </object_component>
      <object_component id="oc-b6">
         <name>.debug_frame</name>
         <load_address>0x627</load_address>
         <run_address>0x627</run_address>
         <size>0x32</size>
         <input_file_ref idref="fl-40"/>
      </object_component>
      <object_component id="oc-bb">
         <name>.debug_frame</name>
         <load_address>0x659</load_address>
         <run_address>0x659</run_address>
         <size>0x32</size>
         <input_file_ref idref="fl-41"/>
      </object_component>
      <object_component id="oc-d8">
         <name>.debug_frame</name>
         <load_address>0x68b</load_address>
         <run_address>0x68b</run_address>
         <size>0x47</size>
         <input_file_ref idref="fl-47"/>
      </object_component>
      <object_component id="oc-dd">
         <name>.debug_frame</name>
         <load_address>0x6d2</load_address>
         <run_address>0x6d2</run_address>
         <size>0x4b</size>
         <input_file_ref idref="fl-48"/>
      </object_component>
      <object_component id="oc-130">
         <name>.debug_frame</name>
         <load_address>0x71d</load_address>
         <run_address>0x71d</run_address>
         <size>0x47</size>
         <input_file_ref idref="fl-5a"/>
      </object_component>
      <object_component id="oc-138">
         <name>.debug_frame</name>
         <load_address>0x764</load_address>
         <run_address>0x764</run_address>
         <size>0x69</size>
         <input_file_ref idref="fl-5b"/>
      </object_component>
      <object_component id="oc-13d">
         <name>.debug_frame</name>
         <load_address>0x7cd</load_address>
         <run_address>0x7cd</run_address>
         <size>0x47</size>
         <input_file_ref idref="fl-5c"/>
      </object_component>
      <object_component id="oc-142">
         <name>.debug_frame</name>
         <load_address>0x814</load_address>
         <run_address>0x814</run_address>
         <size>0x32</size>
         <input_file_ref idref="fl-5d"/>
      </object_component>
      <object_component id="oc-14c">
         <name>.debug_frame</name>
         <load_address>0x846</load_address>
         <run_address>0x846</run_address>
         <size>0x47</size>
         <input_file_ref idref="fl-5f"/>
      </object_component>
      <object_component id="oc-152">
         <name>.debug_frame</name>
         <load_address>0x88d</load_address>
         <run_address>0x88d</run_address>
         <size>0x5d</size>
         <input_file_ref idref="fl-60"/>
      </object_component>
      <object_component id="oc-15c">
         <name>.debug_frame</name>
         <load_address>0x8ea</load_address>
         <run_address>0x8ea</run_address>
         <size>0x47</size>
         <input_file_ref idref="fl-62"/>
      </object_component>
      <object_component id="oc-161">
         <name>.debug_frame</name>
         <load_address>0x931</load_address>
         <run_address>0x931</run_address>
         <size>0x32</size>
         <input_file_ref idref="fl-63"/>
      </object_component>
      <object_component id="oc-166">
         <name>.debug_frame</name>
         <load_address>0x963</load_address>
         <run_address>0x963</run_address>
         <size>0x53</size>
         <input_file_ref idref="fl-64"/>
      </object_component>
      <object_component id="oc-50">
         <name>.debug_line</name>
         <load_address>0x0</load_address>
         <run_address>0x0</run_address>
         <size>0x66</size>
         <input_file_ref idref="fl-2"/>
      </object_component>
      <object_component id="oc-58">
         <name>.debug_line</name>
         <load_address>0x66</load_address>
         <run_address>0x66</run_address>
         <size>0x102</size>
         <input_file_ref idref="fl-3"/>
      </object_component>
      <object_component id="oc-5d">
         <name>.debug_line</name>
         <load_address>0x168</load_address>
         <run_address>0x168</run_address>
         <size>0xa0</size>
         <input_file_ref idref="fl-4"/>
      </object_component>
      <object_component id="oc-63">
         <name>.debug_line</name>
         <load_address>0x208</load_address>
         <run_address>0x208</run_address>
         <size>0x35</size>
         <input_file_ref idref="fl-5"/>
      </object_component>
      <object_component id="oc-6a">
         <name>.debug_line</name>
         <load_address>0x23d</load_address>
         <run_address>0x23d</run_address>
         <size>0x73</size>
         <input_file_ref idref="fl-6"/>
      </object_component>
      <object_component id="oc-70">
         <name>.debug_line</name>
         <load_address>0x2b0</load_address>
         <run_address>0x2b0</run_address>
         <size>0x85</size>
         <input_file_ref idref="fl-7"/>
      </object_component>
      <object_component id="oc-75">
         <name>.debug_line</name>
         <load_address>0x335</load_address>
         <run_address>0x335</run_address>
         <size>0x60</size>
         <input_file_ref idref="fl-8"/>
      </object_component>
      <object_component id="oc-7d">
         <name>.debug_line</name>
         <load_address>0x395</load_address>
         <run_address>0x395</run_address>
         <size>0x99</size>
         <input_file_ref idref="fl-9"/>
      </object_component>
      <object_component id="oc-84">
         <name>.debug_line</name>
         <load_address>0x42e</load_address>
         <run_address>0x42e</run_address>
         <size>0x16d</size>
         <input_file_ref idref="fl-a"/>
      </object_component>
      <object_component id="oc-8b">
         <name>.debug_line</name>
         <load_address>0x59b</load_address>
         <run_address>0x59b</run_address>
         <size>0x89</size>
         <input_file_ref idref="fl-b"/>
      </object_component>
      <object_component id="oc-94">
         <name>.debug_line</name>
         <load_address>0x624</load_address>
         <run_address>0x624</run_address>
         <size>0x18a</size>
         <input_file_ref idref="fl-d"/>
      </object_component>
      <object_component id="oc-9b">
         <name>.debug_line</name>
         <load_address>0x7ae</load_address>
         <run_address>0x7ae</run_address>
         <size>0x5f</size>
         <input_file_ref idref="fl-e"/>
      </object_component>
      <object_component id="oc-a0">
         <name>.debug_line</name>
         <load_address>0x80d</load_address>
         <run_address>0x80d</run_address>
         <size>0x26</size>
         <input_file_ref idref="fl-3c"/>
      </object_component>
      <object_component id="oc-a5">
         <name>.debug_line</name>
         <load_address>0x833</load_address>
         <run_address>0x833</run_address>
         <size>0xaf</size>
         <input_file_ref idref="fl-3d"/>
      </object_component>
      <object_component id="oc-ad">
         <name>.debug_line</name>
         <load_address>0x8e2</load_address>
         <run_address>0x8e2</run_address>
         <size>0x45</size>
         <input_file_ref idref="fl-3e"/>
      </object_component>
      <object_component id="oc-b2">
         <name>.debug_line</name>
         <load_address>0x927</load_address>
         <run_address>0x927</run_address>
         <size>0x37</size>
         <input_file_ref idref="fl-3f"/>
      </object_component>
      <object_component id="oc-b7">
         <name>.debug_line</name>
         <load_address>0x95e</load_address>
         <run_address>0x95e</run_address>
         <size>0x36</size>
         <input_file_ref idref="fl-40"/>
      </object_component>
      <object_component id="oc-bc">
         <name>.debug_line</name>
         <load_address>0x994</load_address>
         <run_address>0x994</run_address>
         <size>0x31</size>
         <input_file_ref idref="fl-41"/>
      </object_component>
      <object_component id="oc-c0">
         <name>.debug_line</name>
         <load_address>0x9c5</load_address>
         <run_address>0x9c5</run_address>
         <size>0x2d</size>
         <input_file_ref idref="fl-42"/>
      </object_component>
      <object_component id="oc-c5">
         <name>.debug_line</name>
         <load_address>0x9f2</load_address>
         <run_address>0x9f2</run_address>
         <size>0x4d</size>
         <input_file_ref idref="fl-43"/>
      </object_component>
      <object_component id="oc-ca">
         <name>.debug_line</name>
         <load_address>0xa3f</load_address>
         <run_address>0xa3f</run_address>
         <size>0x43</size>
         <input_file_ref idref="fl-44"/>
      </object_component>
      <object_component id="oc-cf">
         <name>.debug_line</name>
         <load_address>0xa82</load_address>
         <run_address>0xa82</run_address>
         <size>0x57</size>
         <input_file_ref idref="fl-45"/>
      </object_component>
      <object_component id="oc-d4">
         <name>.debug_line</name>
         <load_address>0xad9</load_address>
         <run_address>0xad9</run_address>
         <size>0x64</size>
         <input_file_ref idref="fl-46"/>
      </object_component>
      <object_component id="oc-d9">
         <name>.debug_line</name>
         <load_address>0xb3d</load_address>
         <run_address>0xb3d</run_address>
         <size>0x3d</size>
         <input_file_ref idref="fl-47"/>
      </object_component>
      <object_component id="oc-de">
         <name>.debug_line</name>
         <load_address>0xb7a</load_address>
         <run_address>0xb7a</run_address>
         <size>0x70</size>
         <input_file_ref idref="fl-48"/>
      </object_component>
      <object_component id="oc-e3">
         <name>.debug_line</name>
         <load_address>0xbea</load_address>
         <run_address>0xbea</run_address>
         <size>0xba</size>
         <input_file_ref idref="fl-49"/>
      </object_component>
      <object_component id="oc-e8">
         <name>.debug_line</name>
         <load_address>0xca4</load_address>
         <run_address>0xca4</run_address>
         <size>0x5e</size>
         <input_file_ref idref="fl-4a"/>
      </object_component>
      <object_component id="oc-ed">
         <name>.debug_line</name>
         <load_address>0xd02</load_address>
         <run_address>0xd02</run_address>
         <size>0x7c</size>
         <input_file_ref idref="fl-4b"/>
      </object_component>
      <object_component id="oc-f2">
         <name>.debug_line</name>
         <load_address>0xd7e</load_address>
         <run_address>0xd7e</run_address>
         <size>0x8d</size>
         <input_file_ref idref="fl-4c"/>
      </object_component>
      <object_component id="oc-f7">
         <name>.debug_line</name>
         <load_address>0xe0b</load_address>
         <run_address>0xe0b</run_address>
         <size>0x3f</size>
         <input_file_ref idref="fl-4d"/>
      </object_component>
      <object_component id="oc-fc">
         <name>.debug_line</name>
         <load_address>0xe4a</load_address>
         <run_address>0xe4a</run_address>
         <size>0x68</size>
         <input_file_ref idref="fl-4e"/>
      </object_component>
      <object_component id="oc-101">
         <name>.debug_line</name>
         <load_address>0xeb2</load_address>
         <run_address>0xeb2</run_address>
         <size>0x71</size>
         <input_file_ref idref="fl-4f"/>
      </object_component>
      <object_component id="oc-106">
         <name>.debug_line</name>
         <load_address>0xf23</load_address>
         <run_address>0xf23</run_address>
         <size>0x5a</size>
         <input_file_ref idref="fl-50"/>
      </object_component>
      <object_component id="oc-10b">
         <name>.debug_line</name>
         <load_address>0xf7d</load_address>
         <run_address>0xf7d</run_address>
         <size>0x5d</size>
         <input_file_ref idref="fl-51"/>
      </object_component>
      <object_component id="oc-110">
         <name>.debug_line</name>
         <load_address>0xfda</load_address>
         <run_address>0xfda</run_address>
         <size>0x54</size>
         <input_file_ref idref="fl-52"/>
      </object_component>
      <object_component id="oc-115">
         <name>.debug_line</name>
         <load_address>0x102e</load_address>
         <run_address>0x102e</run_address>
         <size>0x4d</size>
         <input_file_ref idref="fl-53"/>
      </object_component>
      <object_component id="oc-11a">
         <name>.debug_line</name>
         <load_address>0x107b</load_address>
         <run_address>0x107b</run_address>
         <size>0x3c</size>
         <input_file_ref idref="fl-55"/>
      </object_component>
      <object_component id="oc-11f">
         <name>.debug_line</name>
         <load_address>0x10b7</load_address>
         <run_address>0x10b7</run_address>
         <size>0x3b</size>
         <input_file_ref idref="fl-56"/>
      </object_component>
      <object_component id="oc-123">
         <name>.debug_line</name>
         <load_address>0x10f2</load_address>
         <run_address>0x10f2</run_address>
         <size>0x59</size>
         <input_file_ref idref="fl-57"/>
      </object_component>
      <object_component id="oc-128">
         <name>.debug_line</name>
         <load_address>0x114b</load_address>
         <run_address>0x114b</run_address>
         <size>0x3b</size>
         <input_file_ref idref="fl-58"/>
      </object_component>
      <object_component id="oc-12c">
         <name>.debug_line</name>
         <load_address>0x1186</load_address>
         <run_address>0x1186</run_address>
         <size>0x59</size>
         <input_file_ref idref="fl-59"/>
      </object_component>
      <object_component id="oc-131">
         <name>.debug_line</name>
         <load_address>0x11df</load_address>
         <run_address>0x11df</run_address>
         <size>0x45</size>
         <input_file_ref idref="fl-5a"/>
      </object_component>
      <object_component id="oc-139">
         <name>.debug_line</name>
         <load_address>0x1224</load_address>
         <run_address>0x1224</run_address>
         <size>0xc2</size>
         <input_file_ref idref="fl-5b"/>
      </object_component>
      <object_component id="oc-13e">
         <name>.debug_line</name>
         <load_address>0x12e6</load_address>
         <run_address>0x12e6</run_address>
         <size>0x60</size>
         <input_file_ref idref="fl-5c"/>
      </object_component>
      <object_component id="oc-143">
         <name>.debug_line</name>
         <load_address>0x1346</load_address>
         <run_address>0x1346</run_address>
         <size>0x2b</size>
         <input_file_ref idref="fl-5d"/>
      </object_component>
      <object_component id="oc-148">
         <name>.debug_line</name>
         <load_address>0x1371</load_address>
         <run_address>0x1371</run_address>
         <size>0x45</size>
         <input_file_ref idref="fl-5e"/>
      </object_component>
      <object_component id="oc-14d">
         <name>.debug_line</name>
         <load_address>0x13b6</load_address>
         <run_address>0x13b6</run_address>
         <size>0x3e</size>
         <input_file_ref idref="fl-5f"/>
      </object_component>
      <object_component id="oc-153">
         <name>.debug_line</name>
         <load_address>0x13f4</load_address>
         <run_address>0x13f4</run_address>
         <size>0x56</size>
         <input_file_ref idref="fl-60"/>
      </object_component>
      <object_component id="oc-15d">
         <name>.debug_line</name>
         <load_address>0x144a</load_address>
         <run_address>0x144a</run_address>
         <size>0x38</size>
         <input_file_ref idref="fl-62"/>
      </object_component>
      <object_component id="oc-162">
         <name>.debug_line</name>
         <load_address>0x1482</load_address>
         <run_address>0x1482</run_address>
         <size>0x2c</size>
         <input_file_ref idref="fl-63"/>
      </object_component>
      <object_component id="oc-167">
         <name>.debug_line</name>
         <load_address>0x14ae</load_address>
         <run_address>0x14ae</run_address>
         <size>0x62</size>
         <input_file_ref idref="fl-64"/>
      </object_component>
      <object_component id="oc-51">
         <name>.debug_abbrev</name>
         <load_address>0x0</load_address>
         <run_address>0x0</run_address>
         <size>0x10d</size>
         <input_file_ref idref="fl-2"/>
      </object_component>
      <object_component id="oc-59">
         <name>.debug_abbrev</name>
         <load_address>0x10d</load_address>
         <run_address>0x10d</run_address>
         <size>0x11e</size>
         <input_file_ref idref="fl-3"/>
      </object_component>
      <object_component id="oc-5e">
         <name>.debug_abbrev</name>
         <load_address>0x22b</load_address>
         <run_address>0x22b</run_address>
         <size>0x10c</size>
         <input_file_ref idref="fl-4"/>
      </object_component>
      <object_component id="oc-64">
         <name>.debug_abbrev</name>
         <load_address>0x337</load_address>
         <run_address>0x337</run_address>
         <size>0x10a</size>
         <input_file_ref idref="fl-5"/>
      </object_component>
      <object_component id="oc-6b">
         <name>.debug_abbrev</name>
         <load_address>0x441</load_address>
         <run_address>0x441</run_address>
         <size>0xe9</size>
         <input_file_ref idref="fl-6"/>
      </object_component>
      <object_component id="oc-71">
         <name>.debug_abbrev</name>
         <load_address>0x52a</load_address>
         <run_address>0x52a</run_address>
         <size>0x114</size>
         <input_file_ref idref="fl-7"/>
      </object_component>
      <object_component id="oc-76">
         <name>.debug_abbrev</name>
         <load_address>0x63e</load_address>
         <run_address>0x63e</run_address>
         <size>0xb1</size>
         <input_file_ref idref="fl-8"/>
      </object_component>
      <object_component id="oc-7e">
         <name>.debug_abbrev</name>
         <load_address>0x6ef</load_address>
         <run_address>0x6ef</run_address>
         <size>0x116</size>
         <input_file_ref idref="fl-9"/>
      </object_component>
      <object_component id="oc-85">
         <name>.debug_abbrev</name>
         <load_address>0x805</load_address>
         <run_address>0x805</run_address>
         <size>0x141</size>
         <input_file_ref idref="fl-a"/>
      </object_component>
      <object_component id="oc-8c">
         <name>.debug_abbrev</name>
         <load_address>0x946</load_address>
         <run_address>0x946</run_address>
         <size>0xef</size>
         <input_file_ref idref="fl-b"/>
      </object_component>
      <object_component id="oc-8f">
         <name>.debug_abbrev</name>
         <load_address>0xa35</load_address>
         <run_address>0xa35</run_address>
         <size>0x62</size>
         <input_file_ref idref="fl-c"/>
      </object_component>
      <object_component id="oc-95">
         <name>.debug_abbrev</name>
         <load_address>0xa97</load_address>
         <run_address>0xa97</run_address>
         <size>0xfc</size>
         <input_file_ref idref="fl-d"/>
      </object_component>
      <object_component id="oc-9c">
         <name>.debug_abbrev</name>
         <load_address>0xb93</load_address>
         <run_address>0xb93</run_address>
         <size>0x100</size>
         <input_file_ref idref="fl-e"/>
      </object_component>
      <object_component id="oc-a1">
         <name>.debug_abbrev</name>
         <load_address>0xc93</load_address>
         <run_address>0xc93</run_address>
         <size>0x8b</size>
         <input_file_ref idref="fl-3c"/>
      </object_component>
      <object_component id="oc-a6">
         <name>.debug_abbrev</name>
         <load_address>0xd1e</load_address>
         <run_address>0xd1e</run_address>
         <size>0xb2</size>
         <input_file_ref idref="fl-3d"/>
      </object_component>
      <object_component id="oc-ae">
         <name>.debug_abbrev</name>
         <load_address>0xdd0</load_address>
         <run_address>0xdd0</run_address>
         <size>0x118</size>
         <input_file_ref idref="fl-3e"/>
      </object_component>
      <object_component id="oc-b3">
         <name>.debug_abbrev</name>
         <load_address>0xee8</load_address>
         <run_address>0xee8</run_address>
         <size>0xcb</size>
         <input_file_ref idref="fl-3f"/>
      </object_component>
      <object_component id="oc-b8">
         <name>.debug_abbrev</name>
         <load_address>0xfb3</load_address>
         <run_address>0xfb3</run_address>
         <size>0x101</size>
         <input_file_ref idref="fl-40"/>
      </object_component>
      <object_component id="oc-bd">
         <name>.debug_abbrev</name>
         <load_address>0x10b4</load_address>
         <run_address>0x10b4</run_address>
         <size>0xbd</size>
         <input_file_ref idref="fl-41"/>
      </object_component>
      <object_component id="oc-c1">
         <name>.debug_abbrev</name>
         <load_address>0x1171</load_address>
         <run_address>0x1171</run_address>
         <size>0x31</size>
         <input_file_ref idref="fl-42"/>
      </object_component>
      <object_component id="oc-c6">
         <name>.debug_abbrev</name>
         <load_address>0x11a2</load_address>
         <run_address>0x11a2</run_address>
         <size>0x45</size>
         <input_file_ref idref="fl-43"/>
      </object_component>
      <object_component id="oc-cb">
         <name>.debug_abbrev</name>
         <load_address>0x11e7</load_address>
         <run_address>0x11e7</run_address>
         <size>0x37</size>
         <input_file_ref idref="fl-44"/>
      </object_component>
      <object_component id="oc-d0">
         <name>.debug_abbrev</name>
         <load_address>0x121e</load_address>
         <run_address>0x121e</run_address>
         <size>0x45</size>
         <input_file_ref idref="fl-45"/>
      </object_component>
      <object_component id="oc-d5">
         <name>.debug_abbrev</name>
         <load_address>0x1263</load_address>
         <run_address>0x1263</run_address>
         <size>0x37</size>
         <input_file_ref idref="fl-46"/>
      </object_component>
      <object_component id="oc-da">
         <name>.debug_abbrev</name>
         <load_address>0x129a</load_address>
         <run_address>0x129a</run_address>
         <size>0xfe</size>
         <input_file_ref idref="fl-47"/>
      </object_component>
      <object_component id="oc-df">
         <name>.debug_abbrev</name>
         <load_address>0x1398</load_address>
         <run_address>0x1398</run_address>
         <size>0xbf</size>
         <input_file_ref idref="fl-48"/>
      </object_component>
      <object_component id="oc-e4">
         <name>.debug_abbrev</name>
         <load_address>0x1457</load_address>
         <run_address>0x1457</run_address>
         <size>0x37</size>
         <input_file_ref idref="fl-49"/>
      </object_component>
      <object_component id="oc-e9">
         <name>.debug_abbrev</name>
         <load_address>0x148e</load_address>
         <run_address>0x148e</run_address>
         <size>0x37</size>
         <input_file_ref idref="fl-4a"/>
      </object_component>
      <object_component id="oc-ee">
         <name>.debug_abbrev</name>
         <load_address>0x14c5</load_address>
         <run_address>0x14c5</run_address>
         <size>0x37</size>
         <input_file_ref idref="fl-4b"/>
      </object_component>
      <object_component id="oc-f3">
         <name>.debug_abbrev</name>
         <load_address>0x14fc</load_address>
         <run_address>0x14fc</run_address>
         <size>0x37</size>
         <input_file_ref idref="fl-4c"/>
      </object_component>
      <object_component id="oc-f8">
         <name>.debug_abbrev</name>
         <load_address>0x1533</load_address>
         <run_address>0x1533</run_address>
         <size>0x37</size>
         <input_file_ref idref="fl-4d"/>
      </object_component>
      <object_component id="oc-fd">
         <name>.debug_abbrev</name>
         <load_address>0x156a</load_address>
         <run_address>0x156a</run_address>
         <size>0x37</size>
         <input_file_ref idref="fl-4e"/>
      </object_component>
      <object_component id="oc-102">
         <name>.debug_abbrev</name>
         <load_address>0x15a1</load_address>
         <run_address>0x15a1</run_address>
         <size>0x37</size>
         <input_file_ref idref="fl-4f"/>
      </object_component>
      <object_component id="oc-107">
         <name>.debug_abbrev</name>
         <load_address>0x15d8</load_address>
         <run_address>0x15d8</run_address>
         <size>0x37</size>
         <input_file_ref idref="fl-50"/>
      </object_component>
      <object_component id="oc-10c">
         <name>.debug_abbrev</name>
         <load_address>0x160f</load_address>
         <run_address>0x160f</run_address>
         <size>0x37</size>
         <input_file_ref idref="fl-51"/>
      </object_component>
      <object_component id="oc-111">
         <name>.debug_abbrev</name>
         <load_address>0x1646</load_address>
         <run_address>0x1646</run_address>
         <size>0x37</size>
         <input_file_ref idref="fl-52"/>
      </object_component>
      <object_component id="oc-116">
         <name>.debug_abbrev</name>
         <load_address>0x167d</load_address>
         <run_address>0x167d</run_address>
         <size>0x37</size>
         <input_file_ref idref="fl-53"/>
      </object_component>
      <object_component id="oc-11b">
         <name>.debug_abbrev</name>
         <load_address>0x16b4</load_address>
         <run_address>0x16b4</run_address>
         <size>0x23</size>
         <input_file_ref idref="fl-55"/>
      </object_component>
      <object_component id="oc-120">
         <name>.debug_abbrev</name>
[...]
      </symbol>
      <symbol id="sm-3e8">
         <name>Init_UCS</name>
         <value>0x6ed6</value>
         <object_component_ref idref="oc-181"/>
      </symbol>
      <symbol id="sm-404">
         <name>head_point</name>
         <value>0x4156</value>
         <object_component_ref idref="oc-78"/>
      </symbol>
      <symbol id="sm-405">
         <name>UART_DATA</name>
         <value>0x40f2</value>
         <object_component_ref idref="oc-78"/>
      </symbol>
      <symbol id="sm-406">
         <name>__TI_int46</name>
         <value>0xffdc</value>
         <object_component_ref idref="oc-48"/>
      </symbol>
      <symbol id="sm-407">
         <name>USCI_A1_ISR</name>
         <value>0x5fc4</value>
         <object_component_ref idref="oc-16b"/>
      </symbol>
      <symbol id="sm-408">
         <name>tail_point</name>
         <value>0x4157</value>
         <object_component_ref idref="oc-78"/>
      </symbol>
      <symbol id="sm-409">
         <name>Init_UCA1_UART</name>
         <value>0x69fa</value>
         <object_component_ref idref="oc-184"/>
      </symbol>
      <symbol id="sm-43d">
         <name>timer1_A0_global_cnt</name>
         <value>0x383a</value>
         <object_component_ref idref="oc-80"/>
      </symbol>
      <symbol id="sm-43e">
         <name>TIMER1_A0_ISR</name>
         <value>0x5c00</value>
         <object_component_ref idref="oc-16c"/>
      </symbol>
      <symbol id="sm-43f">
         <name>Init_TimerA0_3_PWM</name>
         <value>0x71be</value>
         <object_component_ref idref="oc-195"/>
      </symbol>
      <symbol id="sm-440">
         <name>__TI_int49</name>
         <value>0xffe2</value>
         <object_component_ref idref="oc-49"/>
      </symbol>
      <symbol id="sm-441">
         <name>velocity</name>
         <value>0x383c</value>
         <object_component_ref idref="oc-80"/>
      </symbol>
      <symbol id="sm-442">
         <name>Init_TimerA1</name>
         <value>0x6ff0</value>
         <object_component_ref idref="oc-183"/>
      </symbol>
      <symbol id="sm-45c">
         <name>Init_ADC</name>
         <value>0x7046</value>
         <object_component_ref idref="oc-182"/>
      </symbol>
      <symbol id="sm-45d">
         <name>A2results</name>
         <value>0x416c</value>
         <object_component_ref idref="oc-87"/>
      </symbol>
      <symbol id="sm-45e">
         <name>__TI_int55</name>
         <value>0xffee</value>
         <object_component_ref idref="oc-4c"/>
      </symbol>
      <symbol id="sm-45f">
         <name>z</name>
         <value>0x4198</value>
         <object_component_ref idref="oc-87"/>
      </symbol>
      <symbol id="sm-460">
         <name>y</name>
         <value>0x4196</value>
         <object_component_ref idref="oc-87"/>
      </symbol>
      <symbol id="sm-461">
         <name>x</name>
         <value>0x4194</value>
         <object_component_ref idref="oc-87"/>
      </symbol>
      <symbol id="sm-462">
         <name>A3results</name>
         <value>0x4180</value>
         <object_component_ref idref="oc-87"/>
      </symbol>
      <symbol id="sm-463">
         <name>ADC12ISR</name>
         <value>0x5eb4</value>
         <object_component_ref idref="oc-172"/>
      </symbol>
      <symbol id="sm-464">
         <name>A1results</name>
         <value>0x4158</value>
         <object_component_ref idref="oc-87"/>
      </symbol>
      <symbol id="sm-494">
         <name>LcdActive</name>
         <value>0x7466</value>
         <object_component_ref idref="oc-18e"/>
      </symbol>
      <symbol id="sm-495">
         <name>Draw_Block_Address_Macro</name>
         <value>0x2aa6</value>
         <object_component_ref idref="oc-90"/>
      </symbol>
      <symbol id="sm-496">
         <name>LcdAddress</name>
         <value>0x1c00</value>
         <object_component_ref idref="oc-90"/>
      </symbol>
      <symbol id="sm-497">
         <name>LcdSetAddress</name>
         <value>0x728a</value>
         <object_component_ref idref="oc-191"/>
      </symbol>
      <symbol id="sm-498">
         <name>LcdTableAddress</name>
         <value>0x1c02</value>
         <object_component_ref idref="oc-90"/>
      </symbol>
      <symbol id="sm-499">
         <name>LcdInitMacro</name>
         <value>0x2aac</value>
         <object_component_ref idref="oc-90"/>
      </symbol>
      <symbol id="sm-49a">
         <name>Draw_Block_Value_Macro</name>
         <value>0x2aa0</value>
         <object_component_ref idref="oc-90"/>
      </symbol>
      <symbol id="sm-49b">
         <name>Init_LCD</name>
         <value>0x6b4c</value>
         <object_component_ref idref="oc-185"/>
      </symbol>
      <symbol id="sm-49c">
         <name>Init_backlight</name>
         <value>0x7518</value>
         <object_component_ref idref="oc-190"/>
      </symbol>
      <symbol id="sm-49d">
         <name>LCD_MEM</name>
         <value>0x1c04</value>
         <object_component_ref idref="oc-90"/>
      </symbol>
      <symbol id="sm-49e">
         <name>LcdSendCommand</name>
         <value>0x6f3c</value>
         <object_component_ref idref="oc-18f"/>
      </symbol>
      <symbol id="sm-49f">
         <name>LcdClear</name>
         <value>0x66a0</value>
         <object_component_ref idref="oc-186"/>
      </symbol>
      <symbol id="sm-4b2">
         <name>xm_temp</name>
         <value>0x3d00</value>
         <object_component_ref idref="oc-97"/>
      </symbol>
      <symbol id="sm-4b3">
         <name>tmp_circle</name>
         <value>0x3d04</value>
         <object_component_ref idref="oc-97"/>
      </symbol>
      <symbol id="sm-4b4">
         <name>ym</name>
         <value>0x3cfe</value>
         <object_component_ref idref="oc-97"/>
      </symbol>
      <symbol id="sm-4b5">
         <name>xm</name>
         <value>0x3cfc</value>
         <object_component_ref idref="oc-97"/>
      </symbol>
      <symbol id="sm-4b6">
         <name>ym_temp</name>
         <value>0x3d02</value>
         <object_component_ref idref="oc-97"/>
      </symbol>
      <symbol id="sm-4b7">
         <name>Init_system</name>
         <value>0x737c</value>
         <object_component_ref idref="oc-178"/>
      </symbol>
      <symbol id="sm-4b8">
         <name>j</name>
         <value>0x4078</value>
         <object_component_ref idref="oc-97"/>
      </symbol>
      <symbol id="sm-4b9">
         <name>i</name>
         <value>0x4076</value>
         <object_component_ref idref="oc-97"/>
      </symbol>
      <symbol id="sm-4ba">
         <name>main</name>
         <value>0x7540</value>
         <object_component_ref idref="oc-170"/>
      </symbol>
      <symbol id="sm-4ec">
         <name>atan2</name>
         <value>0x6180</value>
         <object_component_ref idref="oc-174"/>
      </symbol>
      <symbol id="sm-4ff">
         <name>_c_int00_noexit</name>
         <value>0x6014</value>
         <object_component_ref idref="oc-4a"/>
      </symbol>
      <symbol id="sm-500">
         <name>_c_int00</name>
         <value>0x6014</value>
         <object_component_ref idref="oc-4a"/>
      </symbol>
      <symbol id="sm-501">
         <name>_stack</name>
         <value>0x5b60</value>
         <object_component_ref idref="oc-aa"/>
      </symbol>
      <symbol id="sm-502">
         <name>__TI_dtors_ptr</name>
         <value>0x41bc</value>
         <object_component_ref idref="oc-a8"/>
      </symbol>
      <symbol id="sm-503">
         <name>__TI_cleanup_ptr</name>
         <value>0x41b8</value>
         <object_component_ref idref="oc-a8"/>
      </symbol>
      <symbol id="sm-504">
         <name>_reset_vector</name>
         <value>0xfffe</value>
         <object_component_ref idref="oc-ab"/>
      </symbol>
      <symbol id="sm-538">
         <name>__remi</name>
         <value>0x7410</value>
         <object_component_ref idref="oc-c3"/>
      </symbol>
      <symbol id="sm-539">
         <name>__divi</name>
         <value>0x7410</value>
         <object_component_ref idref="oc-c3"/>
      </symbol>
      <symbol id="sm-547">
         <name>__remu</name>
         <value>0x74b2</value>
         <object_component_ref idref="oc-c8"/>
      </symbol>
      <symbol id="sm-548">
         <name>__divu</name>
         <value>0x74b2</value>
         <object_component_ref idref="oc-c8"/>
      </symbol>
      <symbol id="sm-558">
         <name>__remli</name>
         <value>0x724a</value>
         <object_component_ref idref="oc-cd"/>
      </symbol>
      <symbol id="sm-559">
         <name>__divli</name>
         <value>0x724a</value>
         <object_component_ref idref="oc-cd"/>
      </symbol>
      <symbol id="sm-56b">
         <name>__divul</name>
         <value>0x6f98</value>
         <object_component_ref idref="oc-d2"/>
      </symbol>
      <symbol id="sm-56c">
         <name>__remul</name>
         <value>0x6f98</value>
         <object_component_ref idref="oc-d2"/>
      </symbol>
      <symbol id="sm-579">
         <name>C$$EXIT</name>
         <value>0x7552</value>
         <object_component_ref idref="oc-171"/>
      </symbol>
      <symbol id="sm-57a">
         <name>abort</name>
         <value>0x7552</value>
         <object_component_ref idref="oc-171"/>
      </symbol>
      <symbol id="sm-57b">
         <name>__TI_exit</name>
         <value>0x1</value>
      </symbol>
      <symbol id="sm-592">
         <name>_fltlid</name>
         <value>0x6cf4</value>
         <object_component_ref idref="oc-173"/>
      </symbol>
      <symbol id="sm-5b1">
         <name>__fs_add</name>
         <value>0x6448</value>
         <object_component_ref idref="oc-e1"/>
      </symbol>
      <symbol id="sm-5b2">
         <name>__fs_sub</name>
         <value>0x6442</value>
         <object_component_ref idref="oc-e1"/>
      </symbol>
      <symbol id="sm-5c6">
         <name>__fs_cmp</name>
         <value>0x70e4</value>
         <object_component_ref idref="oc-e6"/>
      </symbol>
      <symbol id="sm-5dc">
         <name>__fs_div</name>
         <value>0x6bde</value>
         <object_component_ref idref="oc-eb"/>
      </symbol>
      <symbol id="sm-5f7">
         <name>__fs_mpy</name>
         <value>0x6944</value>
         <object_component_ref idref="oc-f0"/>
      </symbol>
      <symbol id="sm-604">
         <name>__fs_neg</name>
         <value>0x7522</value>
         <object_component_ref idref="oc-f5"/>
      </symbol>
      <symbol id="sm-61a">
         <name>__fs_toi</name>
         <value>0x6e6e</value>
         <object_component_ref idref="oc-fa"/>
      </symbol>
      <symbol id="sm-631">
         <name>__fs_tol</name>
         <value>0x6d7a</value>
         <object_component_ref idref="oc-ff"/>
      </symbol>
      <symbol id="sm-644">
         <name>__fs_tou</name>
         <value>0x7204</value>
         <object_component_ref idref="oc-104"/>
      </symbol>
      <symbol id="sm-657">
         <name>__fs_toul</name>
         <value>0x7098</value>
         <object_component_ref idref="oc-109"/>
      </symbol>
      <symbol id="sm-667">
         <name>__fs_ultof</name>
         <value>0x73b2</value>
         <object_component_ref idref="oc-10e"/>
      </symbol>
      <symbol id="sm-676">
         <name>__fs_utof</name>
         <value>0x748e</value>
         <object_component_ref idref="oc-113"/>
      </symbol>
      <symbol id="sm-67a">
         <name>__TI_int54</name>
         <value>0xffec</value>
         <object_component_ref idref="oc-4b"/>
      </symbol>
      <symbol id="sm-686">
         <name>__TI_ISR_TRAP</name>
         <value>0x7548</value>
         <object_component_ref idref="oc-118"/>
      </symbol>
      <symbol id="sm-693">
         <name>I_LSL</name>
         <value>0x752c</value>
         <object_component_ref idref="oc-11d"/>
      </symbol>
      <symbol id="sm-69f">
         <name>L_LSL_3</name>
         <value>0x72f8</value>
         <object_component_ref idref="oc-179"/>
      </symbol>
      <symbol id="sm-6a0">
         <name>L_LSL_2</name>
         <value>0x72fc</value>
         <object_component_ref idref="oc-179"/>
      </symbol>
      <symbol id="sm-6a1">
         <name>L_LSL_1</name>
         <value>0x7300</value>
         <object_component_ref idref="oc-179"/>
      </symbol>
      <symbol id="sm-6a2">
         <name>L_LSL_7</name>
         <value>0x72e8</value>
         <object_component_ref idref="oc-179"/>
      </symbol>
      <symbol id="sm-6a3">
         <name>L_LSL_6</name>
         <value>0x72ec</value>
         <object_component_ref idref="oc-179"/>
      </symbol>
      <symbol id="sm-6a4">
         <name>L_LSL_5</name>
         <value>0x72f0</value>
         <object_component_ref idref="oc-179"/>
      </symbol>
      <symbol id="sm-6a5">
         <name>L_LSL_4</name>
         <value>0x72f4</value>
         <object_component_ref idref="oc-179"/>
      </symbol>
      <symbol id="sm-6a6">
         <name>L_LSL_9</name>
         <value>0x72e0</value>
         <object_component_ref idref="oc-179"/>
      </symbol>
      <symbol id="sm-6a7">
         <name>L_LSL_8</name>
         <value>0x72e4</value>
         <object_component_ref idref="oc-179"/>
      </symbol>
      <symbol id="sm-6a8">
         <name>L_LSL_12</name>
         <value>0x72d4</value>
         <object_component_ref idref="oc-179"/>
      </symbol>
      <symbol id="sm-6a9">
         <name>L_LSL_13</name>
         <value>0x72d0</value>
         <object_component_ref idref="oc-179"/>
      </symbol>
      <symbol id="sm-6aa">
         <name>L_LSL_10</name>
         <value>0x72dc</value>
         <object_component_ref idref="oc-179"/>
      </symbol>
      <symbol id="sm-6ab">
         <name>L_LSL_11</name>
         <value>0x72d8</value>
         <object_component_ref idref="oc-179"/>
      </symbol>
      <symbol id="sm-6ac">
         <name>L_LSL_14</name>
         <value>0x72cc</value>
         <object_component_ref idref="oc-179"/>
      </symbol>
      <symbol id="sm-6ad">
         <name>L_LSL_15</name>
         <value>0x72c8</value>
         <object_component_ref idref="oc-179"/>
      </symbol>
      <symbol id="sm-6ba">
         <name>I_LSR</name>
         <value>0x7536</value>
         <object_component_ref idref="oc-126"/>
      </symbol>
      <symbol id="sm-6c6">
         <name>L_LSR_12</name>
         <value>0x7312</value>
         <object_component_ref idref="oc-17a"/>
      </symbol>
      <symbol id="sm-6c7">
         <name>L_LSR_13</name>
         <value>0x730e</value>
         <object_component_ref idref="oc-17a"/>
      </symbol>
      <symbol id="sm-6c8">
         <name>L_LSR_10</name>
         <value>0x731a</value>
         <object_component_ref idref="oc-17a"/>
      </symbol>
      <symbol id="sm-6c9">
         <name>L_LSR_11</name>
         <value>0x7316</value>
         <object_component_ref idref="oc-17a"/>
      </symbol>
      <symbol id="sm-6ca">
         <name>L_LSR_14</name>
         <value>0x730a</value>
         <object_component_ref idref="oc-17a"/>
      </symbol>
      <symbol id="sm-6cb">
         <name>L_LSR_15</name>
         <value>0x7306</value>
         <object_component_ref idref="oc-17a"/>
      </symbol>
      <symbol id="sm-6cc">
         <name>L_LSR_3</name>
         <value>0x7336</value>
         <object_component_ref idref="oc-17a"/>
      </symbol>
      <symbol id="sm-6cd">
         <name>L_LSR_2</name>
         <value>0x733a</value>
         <object_component_ref idref="oc-17a"/>
      </symbol>
      <symbol id="sm-6ce">
         <name>L_LSR_1</name>
         <value>0x733e</value>
         <object_component_ref idref="oc-17a"/>
      </symbol>
      <symbol id="sm-6cf">
         <name>L_LSR_7</name>
         <value>0x7326</value>
         <object_component_ref idref="oc-17a"/>
      </symbol>
      <symbol id="sm-6d0">
         <name>L_LSR_6</name>
         <value>0x732a</value>
         <object_component_ref idref="oc-17a"/>
      </symbol>
      <symbol id="sm-6d1">
         <name>L_LSR_5</name>
         <value>0x732e</value>
         <object_component_ref idref="oc-17a"/>
      </symbol>
      <symbol id="sm-6d2">
         <name>L_LSR_4</name>
         <value>0x7332</value>
         <object_component_ref idref="oc-17a"/>
      </symbol>
      <symbol id="sm-6d3">
         <name>L_LSR_9</name>
         <value>0x731e</value>
         <object_component_ref idref="oc-17a"/>
      </symbol>
      <symbol id="sm-6d4">
         <name>L_LSR_8</name>
         <value>0x7322</value>
         <object_component_ref idref="oc-17a"/>
      </symbol>
      <symbol id="sm-6e2">
         <name>memcpy</name>
         <value>0x7506</value>
         <object_component_ref idref="oc-177"/>
      </symbol>
      <symbol id="sm-70a">
         <name>_sys_memory</name>
         <value>0x41d0</value>
         <object_component_ref idref="oc-137"/>
      </symbol>
      <symbol id="sm-70b">
         <name>malloc</name>
         <value>0x6aa6</value>
         <object_component_ref idref="oc-18c"/>
      </symbol>
      <symbol id="sm-70c">
         <name>minit</name>
         <value>0x7344</value>
         <object_component_ref idref="oc-194"/>
      </symbol>
      <symbol id="sm-71a">
         <name>memset</name>
         <value>0x74f2</value>
         <object_component_ref idref="oc-18d"/>
      </symbol>
      <symbol id="sm-72f">
         <name>__mpyi_f5hw</name>
         <value>0x74c8</value>
         <object_component_ref idref="oc-146"/>
      </symbol>
      <symbol id="sm-73b">
         <name>_system_pre_init</name>
         <value>0x754e</value>
         <object_component_ref idref="oc-16e"/>
      </symbol>
      <symbol id="sm-759">
         <name>_Atan</name>
         <value>0x6572</value>
         <object_component_ref idref="oc-17b"/>
      </symbol>
      <symbol id="sm-763">
         <name>_Rteps</name>
         <value>0x40da</value>
         <object_component_ref idref="oc-156"/>
      </symbol>
      <symbol id="sm-764">
         <name>_Zero</name>
         <value>0x40ee</value>
         <object_component_ref idref="oc-156"/>
      </symbol>
      <symbol id="sm-765">
         <name>_Hugeval</name>
         <value>0x409a</value>
         <object_component_ref idref="oc-156"/>
      </symbol>
      <symbol id="sm-766">
         <name>_Snan</name>
         <value>0x40ca</value>
         <object_component_ref idref="oc-156"/>
      </symbol>
      <symbol id="sm-767">
         <name>_Nan</name>
         <value>0x40ba</value>
         <object_component_ref idref="oc-156"/>
      </symbol>
      <symbol id="sm-768">
         <name>_Inf</name>
         <value>0x40aa</value>
         <object_component_ref idref="oc-156"/>
      </symbol>
      <symbol id="sm-769">
         <name>_Xbig</name>
         <value>0x40ea</value>
         <object_component_ref idref="oc-156"/>
      </symbol>
      <symbol id="sm-76a">
         <name>_Eps</name>
         <value>0x408a</value>
         <object_component_ref idref="oc-156"/>
      </symbol>
      <symbol id="sm-76b">
         <name>_Denorm</name>
         <value>0x407a</value>
         <object_component_ref idref="oc-156"/>
      </symbol>
      <symbol id="sm-779">
         <name>_nop</name>
         <value>0x7556</value>
         <object_component_ref idref="oc-16d"/>
      </symbol>
      <symbol id="sm-77a">
         <name>_lock</name>
         <value>0x41b0</value>
         <object_component_ref idref="oc-15a"/>
      </symbol>
      <symbol id="sm-77b">
         <name>_unlock</name>
         <value>0x41b4</value>
         <object_component_ref idref="oc-15a"/>
      </symbol>
      <symbol id="sm-785">
         <name>__TI_args_main</name>
         <value>0x1</value>
      </symbol>
      <symbol id="sm-797">
         <name>_auto_init</name>
         <value>0x7176</value>
         <object_component_ref idref="oc-16f"/>
      </symbol>
      <symbol id="sm-798">
         <name>__TI_auto_init</name>
         <value>0x1</value>
      </symbol>
   </symbol_table>
   <title>Link successful</title>
</link_info>
